// Jest Snapshot v1, https://goo.gl/fbAQLP

exports[`should render EditExpensePage 1`] = `
<div>
  <div
    className="page-header"
  >
    <div
      className="content-container"
    >
      <div
        className="page-header__content"
      >
        <p
          className="page-header__title"
        >
          Edit Expense
        </p>
      </div>
    </div>
  </div>
  <div
    className="content-container"
  >
    <ExpenseForm
      expense={
        Object {
          "amount": 109500,
          "desc": "rent",
          "id": "2",
          "note": "",
          "timestamp": "1969-12-28T00:00:00.000Z",
        }
      }
      onSubmit={[Function]}
    />
    <button
      className="buttons buttons--remove"
      onClick={[Function]}
    >
      Remove Expense
    </button>
  </div>
</div>
`;
