// Jest Snapshot v1, https://goo.gl/fbAQLP

exports[`should render EditExpensePage 1`] = `
<div>
  <h2>
    This is "Edit Expense Page"
  </h2>
  <ExpenseForm
    expense={
      Object {
        "amount": 109500,
        "desc": "rent",
        "id": "2",
        "note": "",
        "timestamp": "1969-12-28T00:00:00.000Z",
      }
    }
    onSubmit={[Function]}
  />
  <button
    onClick={[Function]}
  >
    Remove
  </button>
</div>
`;
